================================================================================
     QM1 LIVE DEBUG - CONNECTION WILL STAY ACTIVE FOR MQSC VERIFICATION
================================================================================
Start time: 2025-09-05 18:35:39.905
================================================================================

🔑 TRACKING KEY: LIVE-1757097339909
   This will appear as APPLTAG in MQSC commands

================================================================================

STEP 1: CREATING CONNECTION FACTORY
--------------------------------------------------------------------------------
Configuring for QM1 ONLY:
  ✓ CCDTURL = file:///workspace/ccdt/ccdt-qm1.json (QM1 ONLY)
  ✓ CONNECTION_MODE = CLIENT
  ✓ RECONNECT = ENABLED
  ✓ AUTHENTICATION = MQCSP
  ✓ APPLICATIONNAME = LIVE-1757097339909 (APPLTAG in MQSC)
  ✓ USERID = app
  ✓ PASSWORD = ********

================================================================================

STEP 2: CREATING PARENT CONNECTION TO QM1
--------------------------------------------------------------------------------
Calling createConnection()...
✅ CONNECTION CREATED SUCCESSFULLY!

RAW CONNECTION DETAILS:
  Object: {"ConnectionId":"414D5143514D312020202020202020206147BA6800C80740","ObjectId":"com.ibm.msg.client.wmq.internal.WMQConnection@275710fc","Channel":"SYSTEM.DEF.SVRCONN","Port":"1414","ConnectionMode":"WMQ_CM_CLIENT","Host":"/10.10.10.10","ResolvedQueueManager":"QM1"}
  Class: com.ibm.mq.jms.MQConnection
  HashCode: 660017404

EXTRACTING INTERNAL CONNECTION DATA:
----------------------------------------

ALL INTERNAL FIELDS:
  XMSC_WMQ_SSL_KEY_RESETCOUNT = 0
  XMSC_WMQ_APPNAME = LIVE-1757097339909
  XMSC_WMQ_CHANNEL = SYSTEM.DEF.SVRCONN
  failIfQuiesce = 1
  XMSC_WMQ_USE_CONNECTION_POOLING = true
  XMSC_WMQ_BROKER_CONTROLQ = SYSTEM.BROKER.CONTROL.QUEUE
  XMSC_WMQ_RECEIVE_ISOLATION = 0
  XMSC_WMQ_MSG_COMP = [0]
  XMSC_WMQ_MESSAGE_SELECTION = 0
  XMSC_WMQ_CONNECTION_TAG = 0000000000000000000000000000000000000000000000000000000000000000000000000000000000000000000000000000000000000000000000000000000000000000000000000000000000000000000000000000000000000000000000000000000000000000000000000000000000000000000000000000000000000000
  XMSC_WMQ_PROCESS_DURATION = 0
  XMSC_ASYNC_EXCEPTIONS = 1
  XMSC_WMQ_MSG_BATCH_SIZE = 10
  XMSC_WMQ_OUTCOME_NOTIFICATION = true
  XMSC_WMQ_COMMAND_LEVEL = 943
  wildcardFormat = 0
  XMSC_USER_AUTHENTICATION_MQCSP = true
  XMSC_WMQ_SHARE_CONV_ALLOWED = 1
  XMSC_WMQ_BALANCING_APPLICATION_TYPE = 0
  XMSC_WMQ_BROKER_CC_SUBQ = SYSTEM.JMS.ND.CC.SUBSCRIBER.QUEUE
  XMSC_WMQ_MESSAGE_RETENTION = 1
  XMSC_USERID = app
  XMSC_WMQ_RESCAN_INTERVAL = 5000
  XMSC_WMQ_CONNECTION_MODE = 1
  XMSC_WMQ_BROKER_PUBQ = SYSTEM.BROKER.DEFAULT.STREAM
  XMSC_WMQ_RESOLVED_CONNECTION_TAG = MQCT6147BA6800C80740QM1_2025-09-05_02.13.44LIVE-1757097339909                                                                   
  brokerVersion = -1
  XMSC_WMQ_CLIENT_RECONNECT_TIMEOUT = 1800
  version = 7
  XMSC_CONNECTION_TYPE_NAME = com.ibm.msg.client.wmq
  XMSC_WMQ_MAX_BUFFER_SIZE = 1000
  XMSC_WMQ_TARGET_CLIENT_MATCHING = true
  XMSC_WMQ_SEND_CHECK_COUNT = 0
  XMSC_WMQ_BROKER_SUBQ = SYSTEM.JMS.ND.SUBSCRIBER.QUEUE
  XMSC_WMQ_CLIENT_RECONNECT_OPTIONS = 16777216
  XMSC_RTT_PROXY_PORT = 443
  XMSC_WMQ_BALANCING_OPTIONS = 0
  XMSC_WMQ_HEADER_COMP = [0]
  XMSC_WMQ_CLONE_SUPPORT = 0
  XMSC_WMQ_MAP_NAME_STYLE = true
  XMSC_OBJECT_IDENTITY = 660017404
  XMSC_WMQ_SYNCPOINT_ALL_GETS = false
  XMSC_WMQ_OPT_PUB = false
  XMSC_WMQ_TEMPORARY_MODEL = SYSTEM.DEFAULT.MODEL.QUEUE
  XMSC_WMQ_CLEANUP_INTERVAL = 3600000
  XMSC_WMQ_SSL_FIPS_REQUIRED = false
  XMSC_WMQ_SUBSCRIPTION_STORE = 1
  XMSC_WMQ_BALANCING_TIMEOUT = -1
  XMSC_WMQ_STATUS_REFRESH_INTERVAL = 60000
  XMSC_WMQ_CCDTURL = file:///workspace/ccdt/ccdt-qm1.json
  XMSC_WMQ_CLEANUP_LEVEL = 1
  XMSC_WMQ_PORT = 1414
  XMSC_WMQ_PUB_ACK_INTERVAL = 25
  XMSC_WMQ_CONNECT_OPTIONS = 0
  XMSC_WMQ_RESOLVED_QUEUE_MANAGER_ID = QM1_2025-09-05_02.13.44                         
  XMSC_ADMIN_OBJECT_TYPE = 20
  XMSC_WMQ_RESOLVED_QUEUE_MANAGER = QM1
  XMSC_WMQ_HOST_NAME = /10.10.10.10
  XMSC_RTT_DIRECT_AUTH = 0
  multicast = 0
  XMSC_WMQ_PROVIDER_VERSION = 8.0.0.0
  XMSC_WMQ_CONNECTION_ID = 414D5143514D312020202020202020206147BA6800C80740
  XMSC_WMQ_QMGR_CCSID = 819
  XMSC_WMQ_CONNECTION_NAME_LIST_INT = localhost(1414)
  XMSC_PASSWORD = passw0rd
  XMSC_WMQ_POLLING_INTERVAL = 5000
  XMSC_CONNECTION_TYPE = 1
  XMSC_WMQ_CAPABILITY_ADVANCED = true
  XMSC_WMQ_SPARSE_SUBSCRIPTIONS = false

╔══════════════════════════════════════════════════════════════════════════════╗
║                     PARENT CONNECTION ESTABLISHED TO QM1                     ║
╠══════════════════════════════════════════════════════════════════════════════╣
║ CONNECTION_ID: 414D5143514D312020202020202020206147BA6800C80740             ║
║ QUEUE_MANAGER: QM1                                                          ║
║ HOST: /10.10.10.10                                                           ║
║ PORT: 1414                                                                   ║
║ TRACKING_KEY: LIVE-1757097339909                                            ║
╚══════════════════════════════════════════════════════════════════════════════╝

✅ Connection started

================================================================================

STEP 3: CREATING 5 CHILD SESSIONS FROM PARENT CONNECTION
================================================================================

────────────────────────────────────────────────────────────
CREATING SESSION #1
────────────────────────────────────────────────────────────
✅ Session #1 created

SESSION #1 INTERNAL DATA:
  CONNECTION_ID: 414D5143514D312020202020202020206147BA6800C80740
    → Matches Parent: ✅ YES
  QUEUE_MANAGER: QM1
    → Is QM1: ✅ YES

Sending test message from Session #1:
  Message sent with ID: ID:414d5120514d312020202020202020206147ba6801c90740

────────────────────────────────────────────────────────────
CREATING SESSION #2
────────────────────────────────────────────────────────────
✅ Session #2 created

SESSION #2 INTERNAL DATA:
  CONNECTION_ID: 414D5143514D312020202020202020206147BA6800C80740
    → Matches Parent: ✅ YES
  QUEUE_MANAGER: QM1
    → Is QM1: ✅ YES

Sending test message from Session #2:
  Message sent with ID: ID:414d5120514d312020202020202020206147ba6801ca0740

────────────────────────────────────────────────────────────
CREATING SESSION #3
────────────────────────────────────────────────────────────
✅ Session #3 created

SESSION #3 INTERNAL DATA:
  CONNECTION_ID: 414D5143514D312020202020202020206147BA6800C80740
    → Matches Parent: ✅ YES
  QUEUE_MANAGER: QM1
    → Is QM1: ✅ YES

Sending test message from Session #3:
  Message sent with ID: ID:414d5120514d312020202020202020206147ba6801cb0740

────────────────────────────────────────────────────────────
CREATING SESSION #4
────────────────────────────────────────────────────────────
✅ Session #4 created

SESSION #4 INTERNAL DATA:
  CONNECTION_ID: 414D5143514D312020202020202020206147BA6800C80740
    → Matches Parent: ✅ YES
  QUEUE_MANAGER: QM1
    → Is QM1: ✅ YES

Sending test message from Session #4:
  Message sent with ID: ID:414d5120514d312020202020202020206147ba6801cc0740

────────────────────────────────────────────────────────────
CREATING SESSION #5
────────────────────────────────────────────────────────────
✅ Session #5 created

SESSION #5 INTERNAL DATA:
  CONNECTION_ID: 414D5143514D312020202020202020206147BA6800C80740
    → Matches Parent: ✅ YES
  QUEUE_MANAGER: QM1
    → Is QM1: ✅ YES

Sending test message from Session #5:
  Message sent with ID: ID:414d5120514d312020202020202020206147ba6801cd0740

================================================================================

╔══════════════════════════════════════════════════════════════════════════════╗
║                      PARENT-CHILD VERIFICATION SUMMARY                       ║
╠══════════════════════════════════════════════════════════════════════════════╣
║ TRACKING KEY: LIVE-1757097339909                                            ║
║                                                                              ║
║ PARENT CONNECTION:                                                          ║
║   Connection ID: 414D5143514D312020202020202020206147BA6800C80740           ║
║   Queue Manager: QM1                                                        ║
║                                                                              ║
║ CHILD SESSIONS: All 5 sessions created successfully                         ║
║                                                                              ║
║ ✅ All sessions on QM1 with same connection ID as parent!                   ║
╚══════════════════════════════════════════════════════════════════════════════╝

================================================================================
IMPORTANT: CONNECTION IS NOW ACTIVE - CHECK MQSC NOW!
================================================================================

📊 RUN THIS COMMAND NOW IN ANOTHER TERMINAL:
────────────────────────────────────────────────────────────
docker exec qm1 bash -c "echo 'DIS CONN(*) WHERE(APPLTAG EQ \'LIVE-1757097339909\') ALL' | runmqsc QM1"

Or to see all connections:
docker exec qm1 bash -c "echo 'DIS CONN(*) APPLTAG' | runmqsc QM1" | grep LIVE-1757097339909
────────────────────────────────────────────────────────────

🔄 KEEPING CONNECTION ALIVE FOR 60 SECONDS...

The connection will stay active so you can verify in MQSC
  ⏱️  Time remaining: 60 seconds  [██████████████████████████████]  ⏱️  Time remaining: 59 seconds  [█████████████████████████████ ]  ⏱️  Time remaining: 58 seconds  [█████████████████████████████ ]  ⏱️  Time remaining: 57 seconds  [████████████████████████████  ]  ⏱️  Time remaining: 56 seconds  [████████████████████████████  ]  ⏱️  Time remaining: 55 seconds  [███████████████████████████   ]  ⏱️  Time remaining: 54 seconds  [███████████████████████████   ]  ⏱️  Time remaining: 53 seconds  [██████████████████████████    ]  ⏱️  Time remaining: 52 seconds  [██████████████████████████    ]  ⏱️  Time remaining: 51 seconds  [█████████████████████████     ]  ⏱️  Time remaining: 50 seconds  [█████████████████████████     ]  ⏱️  Time remaining: 49 seconds  [████████████████████████      ]  ⏱️  Time remaining: 48 seconds  [████████████████████████      ]  ⏱️  Time remaining: 47 seconds  [███████████████████████       ]  ⏱️  Time remaining: 46 seconds  [███████████████████████       ]  ⏱️  Time remaining: 45 seconds  [██████████████████████        ]  ⏱️  Time remaining: 44 seconds  [██████████████████████        ]  ⏱️  Time remaining: 43 seconds  [█████████████████████         ]  ⏱️  Time remaining: 42 seconds  [█████████████████████         ]  ⏱️  Time remaining: 41 seconds  [████████████████████          ]  ⏱️  Time remaining: 40 seconds  [████████████████████          ]  ⏱️  Time remaining: 39 seconds  [███████████████████           ]  ⏱️  Time remaining: 38 seconds  [███████████████████           ]  ⏱️  Time remaining: 37 seconds  [██████████████████            ]  ⏱️  Time remaining: 36 seconds  [██████████████████            ]  ⏱️  Time remaining: 35 seconds  [█████████████████             ]  ⏱️  Time remaining: 34 seconds  [█████████████████             ]  ⏱️  Time remaining: 33 seconds  [████████████████              ]  ⏱️  Time remaining: 32 seconds  [████████████████              ]  ⏱️  Time remaining: 31 seconds  [███████████████               ]  ⏱️  Time remaining: 30 seconds  [███████████████               ]  ⏱️  Time remaining: 29 seconds  [██████████████                ]  ⏱️  Time remaining: 28 seconds  [██████████████                ]  ⏱️  Time remaining: 27 seconds  [█████████████                 ]  ⏱️  Time remaining: 26 seconds  [█████████████                 ]  ⏱️  Time remaining: 25 seconds  [████████████                  ]  ⏱️  Time remaining: 24 seconds  [████████████                  ]  ⏱️  Time remaining: 23 seconds  [███████████                   ]  ⏱️  Time remaining: 22 seconds  [███████████                   ]  ⏱️  Time remaining: 21 seconds  [██████████                    ]  ⏱️  Time remaining: 20 seconds  [██████████                    ]  ⏱️  Time remaining: 19 seconds  [█████████                     ]  ⏱️  Time remaining: 18 seconds  [█████████                     ]  ⏱️  Time remaining: 17 seconds  [████████                      ]  ⏱️  Time remaining: 16 seconds  [████████                      ]  ⏱️  Time remaining: 15 seconds  [███████                       ]  ⏱️  Time remaining: 14 seconds  [███████                       ]  ⏱️  Time remaining: 13 seconds  [██████                        ]  ⏱️  Time remaining: 12 seconds  [██████                        ]  ⏱️  Time remaining: 11 seconds  [█████                         ]  ⏱️  Time remaining: 10 seconds  [█████                         ]  ⏱️  Time remaining:  9 seconds  [████                          ]  ⏱️  Time remaining:  8 seconds  [████                          ]  ⏱️  Time remaining:  7 seconds  [███                           ]  ⏱️  Time remaining:  6 seconds  [███                           ]  ⏱️  Time remaining:  5 seconds  [██                            ]  ⏱️  Time remaining:  4 seconds  [██                            ]  ⏱️  Time remaining:  3 seconds  [█                             ]  ⏱️  Time remaining:  2 seconds  [█                             ]  ⏱️  Time remaining:  1 seconds  [                              ]

================================================================================
Closing sessions and connection...
✅ Test completed successfully!

Tracking Key was: LIVE-1757097339909
Check the MQSC output to verify the parent-child relationship
